// Jest Snapshot v1, https://goo.gl/fbAQLP

exports[`Pocket component should render proper markup 1`] = `
<div>
  <section
    class="container"
  >
    <span
      class="currency"
    >
      EUR
    </span>
    <input
      class="input"
      name="to"
      type="text"
    />
  </section>
</div>
`;
