// Jest Snapshot v1, https://goo.gl/fbAQLP

exports[`App component should render proper markup 1`] = `
<div>
  <header
    class="header"
  >
    <h1
      class="heading1"
    >
      Exchange
    </h1>
  </header>
  <main
    class="container"
  >
    <form
      action="/"
      name="exchange"
    >
      <section
        class="container from"
      >
        <div>
          <h2
            class="currency"
          >
            EUR
          </h2>
          <span
            class="balance"
          >
            Balance: 
            €0
          </span>
        </div>
        <input
          class="input from"
          data-test="input-from"
          maxlength="17"
          name="from"
          placeholder="0"
          required=""
          type="tel"
        />
      </section>
      <section
        class="exchangeRateContainer"
      >
        <a
          class="button"
          href="#"
        >
          Swap
        </a>
        <section
          class="container"
        >
          €1 = CHF 1.2039
        </section>
      </section>
      <section
        class="container to"
      >
        <div>
          <h2
            class="currency"
          >
            CHF
          </h2>
          <span
            class="balance"
          >
            Balance: 
            CHF 0
          </span>
        </div>
        <input
          class="input"
          data-test="input-to"
          maxlength="17"
          name="to"
          placeholder="0"
          required=""
          type="tel"
        />
      </section>
      <button
        class="button"
        type="submit"
      >
        Exchange
      </button>
    </form>
  </main>
</div>
`;
