// Jest Snapshot v1, https://goo.gl/fbAQLP

exports[`Exchange component should render proper markup 1`] = `
<div>
  <main
    class="container"
  >
    <form
      action="/"
      name="exchange"
    >
      <section
        class="container"
      >
        <span
          class="currency"
        >
          EUR
        </span>
        <input
          class="input"
          name="from"
          type="text"
        />
      </section>
      <a
        class="button"
        href="#"
      >
        Swap
      </a>
      <section
        class="container"
      >
        €
         1 = 
        fr
         
        1.2039
      </section>
      <section
        class="container"
      >
        <span
          class="currency"
        >
          CHF
        </span>
        <input
          class="input"
          name="to"
          type="text"
        />
      </section>
      <button
        class="button"
        type="submit"
      >
        Exchange
      </button>
    </form>
  </main>
</div>
`;
